// Jest Snapshot v1, https://goo.gl/fbAQLP

exports[`<HEADING> test h1 tag 1`] = `
<h1>
  text
</h1>
`;
