// Jest Snapshot v1, https://goo.gl/fbAQLP

exports[`<PARAGRAPH> test paragraph tag 1`] = `
<p>
  sample
</p>
`;
